selected worker: wrk-lin-dummy
Identity added: /tmp/git-resource-private-key (ci@example.com)
Cloning into '/tmp/build/get'...
remote: Enumerating objects: 15, done.
remote: Total 15 (delta 0), reused 15 (delta 0), pack-reused 0 (from 0)
db7c8b0 demo: demo/safe-intra-repo-dir-windows only
initializing
selected worker: wrk-win2025-dummy
streaming volume safe-intra-repo-dir-windows-repo from worker wrk-lin-dummy
running powershell -Command $link = "safe-intra-repo-dir-windows-repo\safe-intra-repo-dir-windows\config\access\data-vault"
Write-Host "==== dir symlink metadata (expect Mode d----l) ===="
Get-Item -LiteralPath $link | Format-List -Property Mode, LinkType, Target
Write-Host "==== list via dir symlink (expected to fail) ===="
Get-ChildItem -LiteralPath $link

==== dir symlink metadata (expect Mode d----l) ====


Mode     : d----l
LinkType : SymbolicLink
Target   : {../../assets/bundle/user/embedded/data-vault}



==== list via dir symlink (expected to fail) ====
Get-ChildItem : The filename, directory name, or volume label syntax is incorrect.
At line:5 char:1
+ Get-ChildItem -LiteralPath $link
+ ~~~~~~~~~~~~~~~~~~~~~~~~~~~~~~~~
    + CategoryInfo          : ReadError: (C:\build\...:String) [Get-ChildIte
   m], IOException
    + FullyQualifiedErrorId : DirIOError,Microsoft.PowerShell.Commands.GetChildItemCommand

failed
